=== worker 1: ablation_B_g0.9_l0.1_a0.1_s44 ===
[ablation_B_g0.9_l0.1_a0.1_s44] epoch   1  train total 1.4976  val total 1.2044  val recon 1.1251  val CE 1.3924  val acc 0.250  (best epoch 1)
[ablation_B_g0.9_l0.1_a0.1_s44] epoch  25  train total 1.0682  val total 1.1425  val recon 1.1191  val CE 1.2988  val acc 0.507  (best epoch 25)
[ablation_B_g0.9_l0.1_a0.1_s44] epoch  50  train total 1.0297  val total 1.1080  val recon 1.1190  val CE 0.9465  val acc 0.591  (best epoch 50)
[ablation_B_g0.9_l0.1_a0.1_s44] epoch  75  train total 1.0012  val total 1.0868  val recon 1.1190  val CE 0.7300  val acc 0.672  (best epoch 75)
[ablation_B_g0.9_l0.1_a0.1_s44] epoch 100  train total 0.9861  val total 1.0800  val recon 1.1191  val CE 0.6646  val acc 0.717  (best epoch 98)
[ablation_B_g0.9_l0.1_a0.1_s44] epoch 125  train total 0.9758  val total 1.0804  val recon 1.1198  val CE 0.6542  val acc 0.718  (best epoch 120)
[ablation_B_g0.9_l0.1_a0.1_s44] epoch 150  train total 0.9338  val total 1.0592  val recon 1.0985  val CE 0.6068  val acc 0.763  (best epoch 150)
[ablation_B_g0.9_l0.1_a0.1_s44] epoch 175  train total 0.8453  val total 1.0067  val recon 1.0289  val CE 0.6724  val acc 0.734  (best epoch 174)
[ablation_B_g0.9_l0.1_a0.1_s44] epoch 200  train total 0.8023  val total 0.9773  val recon 1.0039  val CE 0.6129  val acc 0.770  (best epoch 200)
[ablation_B_g0.9_l0.1_a0.1_s44] epoch 225  train total 0.7717  val total 0.9650  val recon 0.9902  val CE 0.6225  val acc 0.769  (best epoch 225)
[ablation_B_g0.9_l0.1_a0.1_s44] epoch 250  train total 0.7478  val total 0.9651  val recon 0.9754  val CE 0.7497  val acc 0.739  (best epoch 247)
[ablation_B_g0.9_l0.1_a0.1_s44] epoch 275  train total 0.7233  val total 0.9397  val recon 0.9535  val CE 0.7000  val acc 0.755  (best epoch 271)
[ablation_B_g0.9_l0.1_a0.1_s44] epoch 300  train total 0.7037  val total 0.9349  val recon 0.9362  val CE 0.7989  val acc 0.740  (best epoch 297)
[ablation_B_g0.9_l0.1_a0.1_s44] epoch 325  train total 0.6838  val total 0.9174  val recon 0.9249  val CE 0.7343  val acc 0.758  (best epoch 325)
[ablation_B_g0.9_l0.1_a0.1_s44] epoch 350  train total 0.6701  val total 0.9167  val recon 0.9196  val CE 0.7711  val acc 0.752  (best epoch 345)
[ablation_B_g0.9_l0.1_a0.1_s44] epoch 375  train total 0.6553  val total 0.9104  val recon 0.9138  val CE 0.7650  val acc 0.764  (best epoch 361)
[ablation_B_g0.9_l0.1_a0.1_s44] epoch 381  train total 0.6524  val total 0.9146  val recon 0.9132  val CE 0.8116  val acc 0.762  (best epoch 361)
=== done ablation_B_g0.9_l0.1_a0.1_s44: best epoch 361, val recon 0.9140, val 5-NN 0.7671 ===
=== worker 1: ablation_A_g0.9_l0.0_a0.1_s43 ===
[ablation_A_g0.9_l0.0_a0.1_s43] epoch   1  train total 1.0681  val total 1.1477  val recon 1.1218  val CE 1.3810  val acc 0.490  (best epoch 1)
[ablation_A_g0.9_l0.0_a0.1_s43] epoch  25  train total 0.9633  val total 1.0565  val recon 1.1196  val CE 0.4893  val acc 0.812  (best epoch 25)
[ablation_A_g0.9_l0.0_a0.1_s43] epoch  50  train total 0.9335  val total 1.0558  val recon 1.1213  val CE 0.4656  val acc 0.832  (best epoch 47)
[ablation_A_g0.9_l0.0_a0.1_s43] epoch  75  train total 0.8696  val total 1.0453  val recon 1.1103  val CE 0.4605  val acc 0.844  (best epoch 74)
[ablation_A_g0.9_l0.0_a0.1_s43] epoch 100  train total 0.7995  val total 1.0138  val recon 1.0698  val CE 0.5098  val acc 0.834  (best epoch 97)
[ablation_A_g0.9_l0.0_a0.1_s43] epoch 125  train total 0.7581  val total 1.0039  val recon 1.0494  val CE 0.5945  val acc 0.825  (best epoch 114)
[ablation_A_g0.9_l0.0_a0.1_s43] epoch 150  train total 0.7305  val total 0.9953  val recon 1.0345  val CE 0.6421  val acc 0.826  (best epoch 138)
[ablation_A_g0.9_l0.0_a0.1_s43] epoch 175  train total 0.7123  val total 1.0005  val recon 1.0294  val CE 0.7406  val acc 0.825  (best epoch 165)
[ablation_A_g0.9_l0.0_a0.1_s43] epoch 200  train total 0.6979  val total 1.0024  val recon 1.0271  val CE 0.7805  val acc 0.835  (best epoch 165)
[ablation_A_g0.9_l0.0_a0.1_s43] epoch 225  train total 0.6828  val total 1.0039  val recon 1.0328  val CE 0.7439  val acc 0.840  (best epoch 165)
[ablation_A_g0.9_l0.0_a0.1_s43] epoch 250  train total 0.6700  val total 1.0103  val recon 1.0274  val CE 0.8563  val acc 0.837  (best epoch 165)
[ablation_A_g0.9_l0.0_a0.1_s43] epoch 275  train total 0.6600  val total 1.0202  val recon 1.0300  val CE 0.9319  val acc 0.823  (best epoch 165)
[ablation_A_g0.9_l0.0_a0.1_s43] epoch 300  train total 0.6493  val total 1.0115  val recon 1.0210  val CE 0.9262  val acc 0.823  (best epoch 165)
=== done ablation_A_g0.9_l0.0_a0.1_s43: best epoch 165, val recon 1.0334, val 5-NN 0.8410 ===
