=== worker 0: ablation_B_g0.9_l0.1_a0.1_s43 ===
[ablation_B_g0.9_l0.1_a0.1_s43] epoch   1  train total 1.6049  val total 1.1948  val recon 1.1203  val CE 1.3963  val acc 0.238  (best epoch 1)
[ablation_B_g0.9_l0.1_a0.1_s43] epoch  25  train total 1.0712  val total 1.1476  val recon 1.1191  val CE 1.3572  val acc 0.476  (best epoch 25)
[ablation_B_g0.9_l0.1_a0.1_s43] epoch  50  train total 1.0370  val total 1.1201  val recon 1.1190  val CE 1.0860  val acc 0.481  (best epoch 50)
[ablation_B_g0.9_l0.1_a0.1_s43] epoch  75  train total 1.0091  val total 1.0989  val recon 1.1190  val CE 0.8576  val acc 0.624  (best epoch 73)
[ablation_B_g0.9_l0.1_a0.1_s43] epoch 100  train total 0.9953  val total 1.0863  val recon 1.1190  val CE 0.7297  val acc 0.678  (best epoch 99)
[ablation_B_g0.9_l0.1_a0.1_s43] epoch 125  train total 0.9842  val total 1.0766  val recon 1.1190  val CE 0.6400  val acc 0.745  (best epoch 124)
[ablation_B_g0.9_l0.1_a0.1_s43] epoch 150  train total 0.9783  val total 1.0761  val recon 1.1191  val CE 0.6346  val acc 0.739  (best epoch 148)
[ablation_B_g0.9_l0.1_a0.1_s43] epoch 175  train total 0.9722  val total 1.0786  val recon 1.1198  val CE 0.6393  val acc 0.737  (best epoch 166)
[ablation_B_g0.9_l0.1_a0.1_s43] epoch 200  train total 0.9582  val total 1.0812  val recon 1.1239  val CE 0.6056  val acc 0.758  (best epoch 166)
[ablation_B_g0.9_l0.1_a0.1_s43] epoch 225  train total 0.8977  val total 1.0578  val recon 1.0927  val CE 0.6208  val acc 0.761  (best epoch 224)
[ablation_B_g0.9_l0.1_a0.1_s43] epoch 250  train total 0.8333  val total 1.0160  val recon 1.0494  val CE 0.5833  val acc 0.774  (best epoch 249)
[ablation_B_g0.9_l0.1_a0.1_s43] epoch 275  train total 0.7910  val total 0.9985  val recon 1.0282  val CE 0.6060  val acc 0.775  (best epoch 275)
[ablation_B_g0.9_l0.1_a0.1_s43] epoch 300  train total 0.7615  val total 0.9887  val recon 1.0157  val CE 0.6145  val acc 0.775  (best epoch 295)
[ablation_B_g0.9_l0.1_a0.1_s43] epoch 325  train total 0.7388  val total 0.9782  val recon 1.0044  val CE 0.6163  val acc 0.785  (best epoch 324)
[ablation_B_g0.9_l0.1_a0.1_s43] epoch 350  train total 0.7151  val total 0.9668  val recon 0.9899  val CE 0.6327  val acc 0.781  (best epoch 349)
[ablation_B_g0.9_l0.1_a0.1_s43] epoch 375  train total 0.6968  val total 0.9565  val recon 0.9778  val CE 0.6406  val acc 0.783  (best epoch 375)
[ablation_B_g0.9_l0.1_a0.1_s43] epoch 400  train total 0.6806  val total 0.9503  val recon 0.9685  val CE 0.6610  val acc 0.774  (best epoch 398)
[ablation_B_g0.9_l0.1_a0.1_s43] epoch 425  train total 0.6648  val total 0.9505  val recon 0.9619  val CE 0.7259  val acc 0.775  (best epoch 424)
[ablation_B_g0.9_l0.1_a0.1_s43] epoch 450  train total 0.6543  val total 0.9474  val recon 0.9591  val CE 0.7213  val acc 0.775  (best epoch 442)
[ablation_B_g0.9_l0.1_a0.1_s43] epoch 462  train total 0.6517  val total 0.9610  val recon 0.9571  val CE 0.8718  val acc 0.749  (best epoch 442)
=== done ablation_B_g0.9_l0.1_a0.1_s43: best epoch 442, val recon 0.9560, val 5-NN 0.7788 ===
=== worker 0: ablation_A_g0.9_l0.0_a0.1_s42 ===
[ablation_A_g0.9_l0.0_a0.1_s42] epoch   1  train total 1.0739  val total 1.1469  val recon 1.1205  val CE 1.3846  val acc 0.250  (best epoch 1)
[ablation_A_g0.9_l0.0_a0.1_s42] epoch  25  train total 0.9525  val total 1.0545  val recon 1.1194  val CE 0.4708  val acc 0.815  (best epoch 25)
[ablation_A_g0.9_l0.0_a0.1_s42] epoch  50  train total 0.9250  val total 1.0554  val recon 1.1209  val CE 0.4664  val acc 0.822  (best epoch 35)
[ablation_A_g0.9_l0.0_a0.1_s42] epoch  75  train total 0.8559  val total 1.0401  val recon 1.0937  val CE 0.5577  val acc 0.811  (best epoch 75)
[ablation_A_g0.9_l0.0_a0.1_s42] epoch 100  train total 0.7876  val total 1.0053  val recon 1.0507  val CE 0.5965  val acc 0.819  (best epoch 100)
[ablation_A_g0.9_l0.0_a0.1_s42] epoch 125  train total 0.7488  val total 0.9971  val recon 1.0313  val CE 0.6891  val acc 0.812  (best epoch 124)
[ablation_A_g0.9_l0.0_a0.1_s42] epoch 150  train total 0.7264  val total 1.0170  val recon 1.0227  val CE 0.9663  val acc 0.786  (best epoch 140)
[ablation_A_g0.9_l0.0_a0.1_s42] epoch 175  train total 0.7060  val total 0.9889  val recon 1.0131  val CE 0.7720  val acc 0.815  (best epoch 164)
[ablation_A_g0.9_l0.0_a0.1_s42] epoch 200  train total 0.6926  val total 0.9987  val recon 1.0078  val CE 0.9168  val acc 0.805  (best epoch 178)
[ablation_A_g0.9_l0.0_a0.1_s42] epoch 225  train total 0.6789  val total 0.9969  val recon 1.0043  val CE 0.9307  val acc 0.812  (best epoch 208)
[ablation_A_g0.9_l0.0_a0.1_s42] epoch 250  train total 0.6661  val total 0.9918  val recon 0.9953  val CE 0.9601  val acc 0.811  (best epoch 208)
[ablation_A_g0.9_l0.0_a0.1_s42] epoch 275  train total 0.6550  val total 0.9995  val recon 0.9908  val CE 1.0776  val acc 0.805  (best epoch 208)
[ablation_A_g0.9_l0.0_a0.1_s42] epoch 300  train total 0.6456  val total 0.9902  val recon 0.9835  val CE 1.0508  val acc 0.812  (best epoch 289)
[ablation_A_g0.9_l0.0_a0.1_s42] epoch 325  train total 0.6333  val total 0.9921  val recon 0.9829  val CE 1.0741  val acc 0.808  (best epoch 306)
[ablation_A_g0.9_l0.0_a0.1_s42] epoch 326  train total 0.6344  val total 0.9776  val recon 0.9773  val CE 0.9807  val acc 0.823  (best epoch 306)
=== done ablation_A_g0.9_l0.0_a0.1_s42: best epoch 306, val recon 0.9792, val 5-NN 0.8177 ===
=== worker 0: ablation_A_g0.9_l0.0_a0.1_s44 ===
[ablation_A_g0.9_l0.0_a0.1_s44] epoch   1  train total 1.0519  val total 1.1462  val recon 1.1242  val CE 1.3447  val acc 0.294  (best epoch 1)
[ablation_A_g0.9_l0.0_a0.1_s44] epoch  25  train total 0.9574  val total 1.0554  val recon 1.1195  val CE 0.4779  val acc 0.827  (best epoch 25)
[ablation_A_g0.9_l0.0_a0.1_s44] epoch  50  train total 0.9220  val total 1.0589  val recon 1.1223  val CE 0.4885  val acc 0.823  (best epoch 37)
[ablation_A_g0.9_l0.0_a0.1_s44] epoch  75  train total 0.8336  val total 1.0246  val recon 1.0816  val CE 0.5119  val acc 0.820  (best epoch 75)
[ablation_A_g0.9_l0.0_a0.1_s44] epoch 100  train total 0.7707  val total 1.0037  val recon 1.0466  val CE 0.6176  val acc 0.808  (best epoch 97)
[ablation_A_g0.9_l0.0_a0.1_s44] epoch 125  train total 0.7386  val total 0.9967  val recon 1.0338  val CE 0.6629  val acc 0.810  (best epoch 124)
[ablation_A_g0.9_l0.0_a0.1_s44] epoch 150  train total 0.7135  val total 1.0009  val recon 1.0263  val CE 0.7721  val acc 0.813  (best epoch 133)
[ablation_A_g0.9_l0.0_a0.1_s44] epoch 175  train total 0.6949  val total 0.9905  val recon 1.0214  val CE 0.7124  val acc 0.823  (best epoch 161)
[ablation_A_g0.9_l0.0_a0.1_s44] epoch 200  train total 0.6796  val total 0.9929  val recon 1.0155  val CE 0.7899  val acc 0.820  (best epoch 161)
[ablation_A_g0.9_l0.0_a0.1_s44] epoch 225  train total 0.6642  val total 1.0092  val recon 1.0105  val CE 0.9976  val acc 0.809  (best epoch 161)
[ablation_A_g0.9_l0.0_a0.1_s44] epoch 250  train total 0.6518  val total 0.9930  val recon 1.0047  val CE 0.8878  val acc 0.824  (best epoch 226)
[ablation_A_g0.9_l0.0_a0.1_s44] epoch 275  train total 0.6367  val total 0.9927  val recon 0.9897  val CE 1.0192  val acc 0.812  (best epoch 271)
[ablation_A_g0.9_l0.0_a0.1_s44] epoch 300  train total 0.6270  val total 0.9959  val recon 0.9840  val CE 1.1030  val acc 0.808  (best epoch 290)
[ablation_A_g0.9_l0.0_a0.1_s44] epoch 310  train total 0.6234  val total 0.9807  val recon 0.9841  val CE 0.9507  val acc 0.823  (best epoch 290)
=== done ablation_A_g0.9_l0.0_a0.1_s44: best epoch 290, val recon 0.9868, val 5-NN 0.8316 ===
