=== worker 1: config 8  γ=0.99  λ=0.01  α=0.1 ===
[grid_g0.99_l0.01_a0.1] epoch   1  train total 1.1095  val total 1.1304  val recon 1.1211  val CE 1.3940  val acc 0.248  (best epoch 1)
[grid_g0.99_l0.01_a0.1] epoch  25  train total 1.0077  val total 1.1222  val recon 1.1190  val CE 1.3699  val acc 0.338  (best epoch 25)
[grid_g0.99_l0.01_a0.1] epoch  50  train total 1.0041  val total 1.1189  val recon 1.1190  val CE 1.0478  val acc 0.603  (best epoch 50)
[grid_g0.99_l0.01_a0.1] epoch  75  train total 1.0015  val total 1.1171  val recon 1.1190  val CE 0.8745  val acc 0.643  (best epoch 75)
[grid_g0.99_l0.01_a0.1] epoch 100  train total 0.9990  val total 1.1159  val recon 1.1191  val CE 0.7251  val acc 0.729  (best epoch 97)
[grid_g0.99_l0.01_a0.1] epoch 125  train total 0.8659  val total 1.0201  val recon 1.0175  val CE 0.6854  val acc 0.708  (best epoch 125)
[grid_g0.99_l0.01_a0.1] epoch 150  train total 0.7966  val total 0.9711  val recon 0.9692  val CE 0.6879  val acc 0.730  (best epoch 150)
[grid_g0.99_l0.01_a0.1] epoch 175  train total 0.7608  val total 0.9471  val recon 0.9452  val CE 0.7079  val acc 0.681  (best epoch 175)
[grid_g0.99_l0.01_a0.1] epoch 200  train total 0.7276  val total 0.9171  val recon 0.9149  val CE 0.6740  val acc 0.725  (best epoch 200)
[grid_g0.99_l0.01_a0.1] epoch 225  train total 0.7005  val total 0.8956  val recon 0.8932  val CE 0.6769  val acc 0.719  (best epoch 223)
[grid_g0.99_l0.01_a0.1] epoch 250  train total 0.6782  val total 0.8808  val recon 0.8787  val CE 0.6724  val acc 0.712  (best epoch 250)
[grid_g0.99_l0.01_a0.1] epoch 275  train total 0.6609  val total 0.8711  val recon 0.8695  val CE 0.6487  val acc 0.713  (best epoch 275)
[grid_g0.99_l0.01_a0.1] epoch 300  train total 0.6466  val total 0.8655  val recon 0.8639  val CE 0.6480  val acc 0.728  (best epoch 299)
[grid_g0.99_l0.01_a0.1] epoch 325  train total 0.6335  val total 0.8590  val recon 0.8579  val CE 0.6271  val acc 0.740  (best epoch 319)
[grid_g0.99_l0.01_a0.1] epoch 350  train total 0.6223  val total 0.8548  val recon 0.8539  val CE 0.6139  val acc 0.738  (best epoch 350)
[grid_g0.99_l0.01_a0.1] epoch 375  train total 0.6155  val total 0.8552  val recon 0.8541  val CE 0.6217  val acc 0.727  (best epoch 370)
[grid_g0.99_l0.01_a0.1] epoch 400  train total 0.6056  val total 0.8528  val recon 0.8521  val CE 0.6118  val acc 0.742  (best epoch 385)
[grid_g0.99_l0.01_a0.1] epoch 425  train total 0.5985  val total 0.8515  val recon 0.8509  val CE 0.6146  val acc 0.734  (best epoch 406)
[grid_g0.99_l0.01_a0.1] epoch 426  train total 0.5982  val total 0.8584  val recon 0.8577  val CE 0.6117  val acc 0.730  (best epoch 406)
=== done config 8: best epoch 406, val recon 0.8497, val 5-NN 0.7504 ===
=== worker 1: config 4  γ=0.9  λ=0.001  α=0.1 ===
[grid_g0.9_l0.001_a0.1] epoch   1  train total 1.0851  val total 1.1497  val recon 1.1203  val CE 1.3868  val acc 0.250  (best epoch 1)
[grid_g0.9_l0.001_a0.1] epoch  25  train total 0.9689  val total 1.0688  val recon 1.1192  val CE 0.5316  val acc 0.804  (best epoch 25)
[grid_g0.9_l0.001_a0.1] epoch  50  train total 0.9375  val total 1.0622  val recon 1.1197  val CE 0.4639  val acc 0.820  (best epoch 43)
[grid_g0.9_l0.001_a0.1] epoch  75  train total 0.8671  val total 1.0471  val recon 1.0938  val CE 0.5340  val acc 0.813  (best epoch 73)
[grid_g0.9_l0.001_a0.1] epoch 100  train total 0.7834  val total 1.0045  val recon 1.0465  val CE 0.5404  val acc 0.818  (best epoch 100)
[grid_g0.9_l0.001_a0.1] epoch 125  train total 0.7431  val total 0.9971  val recon 1.0350  val CE 0.5760  val acc 0.819  (best epoch 125)
[grid_g0.9_l0.001_a0.1] epoch 150  train total 0.7169  val total 1.0034  val recon 1.0246  val CE 0.7363  val acc 0.799  (best epoch 144)
[grid_g0.9_l0.001_a0.1] epoch 175  train total 0.6951  val total 0.9903  val recon 1.0152  val CE 0.6965  val acc 0.805  (best epoch 173)
[grid_g0.9_l0.001_a0.1] epoch 200  train total 0.6776  val total 0.9898  val recon 1.0103  val CE 0.7381  val acc 0.813  (best epoch 191)
[grid_g0.9_l0.001_a0.1] epoch 225  train total 0.6594  val total 0.9792  val recon 0.9970  val CE 0.7531  val acc 0.822  (best epoch 225)
[grid_g0.9_l0.001_a0.1] epoch 250  train total 0.6440  val total 0.9791  val recon 0.9844  val CE 0.8666  val acc 0.807  (best epoch 237)
[grid_g0.9_l0.001_a0.1] epoch 275  train total 0.6319  val total 0.9869  val recon 0.9857  val CE 0.9349  val acc 0.809  (best epoch 270)
[grid_g0.9_l0.001_a0.1] epoch 300  train total 0.6191  val total 0.9765  val recon 0.9806  val CE 0.8758  val acc 0.805  (best epoch 289)
[grid_g0.9_l0.001_a0.1] epoch 322  train total 0.6111  val total 0.9810  val recon 0.9777  val CE 0.9472  val acc 0.804  (best epoch 302)
=== done config 4: best epoch 302, val recon 0.9735, val 5-NN 0.8155 ===
=== worker 1: config 6  γ=0.9  λ=0.1  α=0.1 ===
[grid_g0.9_l0.1_a0.1] epoch   1  train total 1.5537  val total 1.1949  val recon 1.1224  val CE 1.3942  val acc 0.250  (best epoch 1)
[grid_g0.9_l0.1_a0.1] epoch  25  train total 1.0663  val total 1.1485  val recon 1.1190  val CE 1.3767  val acc 0.315  (best epoch 25)
[grid_g0.9_l0.1_a0.1] epoch  50  train total 1.0317  val total 1.1162  val recon 1.1190  val CE 1.0443  val acc 0.550  (best epoch 50)
[grid_g0.9_l0.1_a0.1] epoch  75  train total 1.0078  val total 1.0943  val recon 1.1190  val CE 0.8240  val acc 0.702  (best epoch 75)
[grid_g0.9_l0.1_a0.1] epoch 100  train total 0.9803  val total 1.0751  val recon 1.1190  val CE 0.5974  val acc 0.784  (best epoch 100)
[grid_g0.9_l0.1_a0.1] epoch 125  train total 0.9643  val total 1.0704  val recon 1.1191  val CE 0.5285  val acc 0.791  (best epoch 125)
[grid_g0.9_l0.1_a0.1] epoch 150  train total 0.9547  val total 1.0713  val recon 1.1194  val CE 0.5414  val acc 0.793  (best epoch 147)
[grid_g0.9_l0.1_a0.1] epoch 175  train total 0.9205  val total 1.0646  val recon 1.1084  val CE 0.5448  val acc 0.797  (best epoch 175)
[grid_g0.9_l0.1_a0.1] epoch 200  train total 0.8232  val total 1.0021  val recon 1.0392  val CE 0.5224  val acc 0.807  (best epoch 200)
[grid_g0.9_l0.1_a0.1] epoch 225  train total 0.7800  val total 0.9869  val recon 1.0143  val CE 0.5844  val acc 0.798  (best epoch 218)
[grid_g0.9_l0.1_a0.1] epoch 250  train total 0.7489  val total 0.9740  val recon 1.0015  val CE 0.5883  val acc 0.797  (best epoch 248)
[grid_g0.9_l0.1_a0.1] epoch 275  train total 0.7234  val total 0.9579  val recon 0.9888  val CE 0.5538  val acc 0.809  (best epoch 275)
[grid_g0.9_l0.1_a0.1] epoch 300  train total 0.6992  val total 0.9473  val recon 0.9730  val CE 0.5876  val acc 0.805  (best epoch 291)
[grid_g0.9_l0.1_a0.1] epoch 325  train total 0.6798  val total 0.9358  val recon 0.9564  val CE 0.6231  val acc 0.799  (best epoch 324)
[grid_g0.9_l0.1_a0.1] epoch 350  train total 0.6643  val total 0.9296  val recon 0.9458  val CE 0.6483  val acc 0.809  (best epoch 348)
[grid_g0.9_l0.1_a0.1] epoch 375  train total 0.6518  val total 0.9233  val recon 0.9415  val CE 0.6307  val acc 0.810  (best epoch 374)
[grid_g0.9_l0.1_a0.1] epoch 400  train total 0.6371  val total 0.9217  val recon 0.9330  val CE 0.6978  val acc 0.802  (best epoch 396)
[grid_g0.9_l0.1_a0.1] epoch 425  train total 0.6251  val total 0.9178  val recon 0.9269  val CE 0.7191  val acc 0.803  (best epoch 419)
[grid_g0.9_l0.1_a0.1] epoch 439  train total 0.6188  val total 0.9202  val recon 0.9303  val CE 0.7127  val acc 0.807  (best epoch 419)
=== done config 6: best epoch 419, val recon 0.9271, val 5-NN 0.8132 ===
=== worker 1: config 2  γ=0.5  λ=0.01  α=0.1 ===
[grid_g0.5_l0.01_a0.1] epoch   1  train total 1.2716  val total 1.2583  val recon 1.1224  val CE 1.3831  val acc 0.263  (best epoch 1)
[grid_g0.5_l0.01_a0.1] epoch  25  train total 0.8457  val total 0.8808  val recon 1.1191  val CE 0.5445  val acc 0.802  (best epoch 25)
[grid_g0.5_l0.01_a0.1] epoch  50  train total 0.7080  val total 0.8593  val recon 1.1191  val CE 0.5029  val acc 0.814  (best epoch 43)
[grid_g0.5_l0.01_a0.1] epoch  75  train total 0.6541  val total 0.8955  val recon 1.1193  val CE 0.5797  val acc 0.802  (best epoch 58)
[grid_g0.5_l0.01_a0.1] epoch 100  train total 0.6110  val total 0.9077  val recon 1.1199  val CE 0.6135  val acc 0.812  (best epoch 58)
[grid_g0.5_l0.01_a0.1] epoch 125  train total 0.5911  val total 0.9191  val recon 1.1217  val CE 0.6343  val acc 0.813  (best epoch 58)
[grid_g0.5_l0.01_a0.1] epoch 150  train total 0.5635  val total 0.9756  val recon 1.1218  val CE 0.7559  val acc 0.804  (best epoch 58)
[grid_g0.5_l0.01_a0.1] epoch 175  train total 0.5334  val total 0.9695  val recon 1.1159  val CE 0.7525  val acc 0.804  (best epoch 58)
[grid_g0.5_l0.01_a0.1] epoch 200  train total 0.5099  val total 0.9808  val recon 1.1001  val CE 0.7961  val acc 0.808  (best epoch 58)
[grid_g0.5_l0.01_a0.1] epoch 225  train total 0.4875  val total 0.9736  val recon 1.0953  val CE 0.7876  val acc 0.819  (best epoch 58)
[grid_g0.5_l0.01_a0.1] epoch 250  train total 0.4735  val total 0.9820  val recon 1.0861  val CE 0.8178  val acc 0.810  (best epoch 58)
[grid_g0.5_l0.01_a0.1] epoch 275  train total 0.4604  val total 1.0106  val recon 1.0839  val CE 0.8814  val acc 0.808  (best epoch 58)
[grid_g0.5_l0.01_a0.1] epoch 300  train total 0.4444  val total 1.0366  val recon 1.0834  val CE 0.9343  val acc 0.810  (best epoch 58)
=== done config 2: best epoch 58, val recon 1.1191, val 5-NN 0.8121 ===
