=== worker 0: config 7  γ=0.99  λ=0.001  α=0.1 ===
[grid_g0.99_l0.001_a0.1] epoch   1  train total 1.0534  val total 1.1258  val recon 1.1202  val CE 1.3926  val acc 0.248  (best epoch 1)
[grid_g0.99_l0.001_a0.1] epoch  25  train total 1.0019  val total 1.1182  val recon 1.1191  val CE 0.9461  val acc 0.654  (best epoch 25)
[grid_g0.99_l0.001_a0.1] epoch  50  train total 0.9703  val total 1.0969  val recon 1.0982  val CE 0.6637  val acc 0.742  (best epoch 50)
[grid_g0.99_l0.001_a0.1] epoch  75  train total 0.8235  val total 0.9841  val recon 0.9831  val CE 0.6759  val acc 0.730  (best epoch 75)
[grid_g0.99_l0.001_a0.1] epoch 100  train total 0.7852  val total 0.9588  val recon 0.9585  val CE 0.6479  val acc 0.742  (best epoch 100)
[grid_g0.99_l0.001_a0.1] epoch 125  train total 0.7545  val total 0.9388  val recon 0.9384  val CE 0.6336  val acc 0.736  (best epoch 125)
[grid_g0.99_l0.001_a0.1] epoch 150  train total 0.7208  val total 0.9092  val recon 0.9077  val CE 0.6630  val acc 0.727  (best epoch 150)
[grid_g0.99_l0.001_a0.1] epoch 175  train total 0.6887  val total 0.8776  val recon 0.8760  val CE 0.6268  val acc 0.752  (best epoch 175)
[grid_g0.99_l0.001_a0.1] epoch 200  train total 0.6639  val total 0.8554  val recon 0.8537  val CE 0.6184  val acc 0.757  (best epoch 200)
[grid_g0.99_l0.001_a0.1] epoch 225  train total 0.6446  val total 0.8422  val recon 0.8408  val CE 0.6162  val acc 0.753  (best epoch 223)
[grid_g0.99_l0.001_a0.1] epoch 250  train total 0.6298  val total 0.8300  val recon 0.8286  val CE 0.6101  val acc 0.755  (best epoch 250)
[grid_g0.99_l0.001_a0.1] epoch 275  train total 0.6188  val total 0.8261  val recon 0.8251  val CE 0.6121  val acc 0.758  (best epoch 274)
[grid_g0.99_l0.001_a0.1] epoch 300  train total 0.6103  val total 0.8247  val recon 0.8239  val CE 0.6148  val acc 0.754  (best epoch 298)
[grid_g0.99_l0.001_a0.1] epoch 325  train total 0.6022  val total 0.8179  val recon 0.8171  val CE 0.6209  val acc 0.755  (best epoch 318)
[grid_g0.99_l0.001_a0.1] epoch 350  train total 0.5953  val total 0.8158  val recon 0.8153  val CE 0.6100  val acc 0.763  (best epoch 350)
[grid_g0.99_l0.001_a0.1] epoch 375  train total 0.5907  val total 0.8200  val recon 0.8197  val CE 0.5995  val acc 0.766  (best epoch 355)
=== done config 7: best epoch 355, val recon 0.8147, val 5-NN 0.7332 ===
=== worker 0: config 9  γ=0.99  λ=0.1  α=0.1 ===
[grid_g0.99_l0.1_a0.1] epoch   1  train total 1.5238  val total 1.1704  val recon 1.1224  val CE 1.3944  val acc 0.250  (best epoch 1)
[grid_g0.99_l0.1_a0.1] epoch  25  train total 1.0319  val total 1.1251  val recon 1.1190  val CE 1.3866  val acc 0.251  (best epoch 25)
[grid_g0.99_l0.1_a0.1] epoch  50  train total 1.0186  val total 1.1230  val recon 1.1190  val CE 1.3849  val acc 0.406  (best epoch 50)
[grid_g0.99_l0.1_a0.1] epoch  75  train total 1.0115  val total 1.1223  val recon 1.1190  val CE 1.3802  val acc 0.505  (best epoch 75)
[grid_g0.99_l0.1_a0.1] epoch 100  train total 1.0074  val total 1.1215  val recon 1.1190  val CE 1.3138  val acc 0.591  (best epoch 100)
[grid_g0.99_l0.1_a0.1] epoch 125  train total 1.0034  val total 1.1180  val recon 1.1190  val CE 0.9569  val acc 0.663  (best epoch 125)
[grid_g0.99_l0.1_a0.1] epoch 150  train total 1.0013  val total 1.1167  val recon 1.1190  val CE 0.8294  val acc 0.711  (best epoch 147)
[grid_g0.99_l0.1_a0.1] epoch 175  train total 0.9046  val total 1.0458  val recon 1.0423  val CE 0.7652  val acc 0.702  (best epoch 175)
[grid_g0.99_l0.1_a0.1] epoch 200  train total 0.8048  val total 0.9721  val recon 0.9686  val CE 0.7652  val acc 0.700  (best epoch 200)
[grid_g0.99_l0.1_a0.1] epoch 225  train total 0.7739  val total 0.9545  val recon 0.9520  val CE 0.7544  val acc 0.707  (best epoch 224)
[grid_g0.99_l0.1_a0.1] epoch 250  train total 0.7421  val total 0.9337  val recon 0.9315  val CE 0.7360  val acc 0.714  (best epoch 250)
[grid_g0.99_l0.1_a0.1] epoch 275  train total 0.7121  val total 0.9107  val recon 0.9078  val CE 0.7398  val acc 0.717  (best epoch 275)
[grid_g0.99_l0.1_a0.1] epoch 300  train total 0.6858  val total 0.8937  val recon 0.8908  val CE 0.7295  val acc 0.708  (best epoch 300)
[grid_g0.99_l0.1_a0.1] epoch 325  train total 0.6624  val total 0.8818  val recon 0.8788  val CE 0.7299  val acc 0.711  (best epoch 325)
[grid_g0.99_l0.1_a0.1] epoch 350  train total 0.6459  val total 0.8740  val recon 0.8710  val CE 0.7333  val acc 0.711  (best epoch 348)
[grid_g0.99_l0.1_a0.1] epoch 375  train total 0.6336  val total 0.8714  val recon 0.8680  val CE 0.7425  val acc 0.681  (best epoch 374)
[grid_g0.99_l0.1_a0.1] epoch 400  train total 0.6199  val total 0.8664  val recon 0.8635  val CE 0.7090  val acc 0.726  (best epoch 400)
[grid_g0.99_l0.1_a0.1] epoch 425  train total 0.6106  val total 0.8653  val recon 0.8629  val CE 0.6925  val acc 0.717  (best epoch 423)
[grid_g0.99_l0.1_a0.1] epoch 450  train total 0.6040  val total 0.8688  val recon 0.8664  val CE 0.6833  val acc 0.722  (best epoch 448)
[grid_g0.99_l0.1_a0.1] epoch 474  train total 0.5963  val total 0.8627  val recon 0.8606  val CE 0.6835  val acc 0.724  (best epoch 454)
=== done config 9: best epoch 454, val recon 0.8591, val 5-NN 0.6859 ===
=== worker 0: config 1  γ=0.5  λ=0.001  α=0.1 ===
[grid_g0.5_l0.001_a0.1] epoch   1  train total 1.2157  val total 1.2402  val recon 1.1207  val CE 1.3548  val acc 0.375  (best epoch 1)
[grid_g0.5_l0.001_a0.1] epoch  25  train total 0.7656  val total 0.8180  val recon 1.1191  val CE 0.4634  val acc 0.819  (best epoch 25)
[grid_g0.5_l0.001_a0.1] epoch  50  train total 0.6517  val total 0.8129  val recon 1.1194  val CE 0.4600  val acc 0.832  (best epoch 37)
[grid_g0.5_l0.001_a0.1] epoch  75  train total 0.6013  val total 0.8696  val recon 1.1229  val CE 0.5716  val acc 0.815  (best epoch 37)
[grid_g0.5_l0.001_a0.1] epoch 100  train total 0.5654  val total 0.9083  val recon 1.1323  val CE 0.6401  val acc 0.815  (best epoch 37)
[grid_g0.5_l0.001_a0.1] epoch 125  train total 0.5345  val total 0.9230  val recon 1.1404  val CE 0.6654  val acc 0.817  (best epoch 37)
[grid_g0.5_l0.001_a0.1] epoch 150  train total 0.5090  val total 1.0510  val recon 1.1248  val CE 0.9388  val acc 0.798  (best epoch 37)
[grid_g0.5_l0.001_a0.1] epoch 175  train total 0.4835  val total 0.9596  val recon 1.1213  val CE 0.7628  val acc 0.823  (best epoch 37)
[grid_g0.5_l0.001_a0.1] epoch 200  train total 0.4712  val total 0.9675  val recon 1.1103  val CE 0.7898  val acc 0.824  (best epoch 37)
[grid_g0.5_l0.001_a0.1] epoch 225  train total 0.4511  val total 0.9749  val recon 1.1085  val CE 0.8086  val acc 0.834  (best epoch 37)
[grid_g0.5_l0.001_a0.1] epoch 250  train total 0.4383  val total 1.0309  val recon 1.1070  val CE 0.9231  val acc 0.822  (best epoch 37)
[grid_g0.5_l0.001_a0.1] epoch 275  train total 0.4311  val total 1.0400  val recon 1.1090  val CE 0.9411  val acc 0.829  (best epoch 37)
[grid_g0.5_l0.001_a0.1] epoch 300  train total 0.4238  val total 1.0543  val recon 1.1043  val CE 0.9746  val acc 0.835  (best epoch 37)
=== done config 1: best epoch 37, val recon 1.1192, val 5-NN 0.8143 ===
=== worker 0: config 3  γ=0.5  λ=0.1  α=0.1 ===
[grid_g0.5_l0.1_a0.1] epoch   1  train total 1.6860  val total 1.3033  val recon 1.1225  val CE 1.3933  val acc 0.250  (best epoch 1)
[grid_g0.5_l0.1_a0.1] epoch  25  train total 1.1102  val total 1.0936  val recon 1.1191  val CE 1.0103  val acc 0.599  (best epoch 25)
[grid_g0.5_l0.1_a0.1] epoch  50  train total 0.9067  val total 0.9456  val recon 1.1190  val CE 0.6856  val acc 0.715  (best epoch 48)
[grid_g0.5_l0.1_a0.1] epoch  75  train total 0.7933  val total 0.8695  val recon 1.1190  val CE 0.5306  val acc 0.794  (best epoch 75)
[grid_g0.5_l0.1_a0.1] epoch 100  train total 0.7255  val total 0.8986  val recon 1.1191  val CE 0.5828  val acc 0.793  (best epoch 85)
[grid_g0.5_l0.1_a0.1] epoch 125  train total 0.6930  val total 0.8899  val recon 1.1193  val CE 0.5701  val acc 0.800  (best epoch 85)
[grid_g0.5_l0.1_a0.1] epoch 150  train total 0.6695  val total 0.9571  val recon 1.1199  val CE 0.6965  val acc 0.780  (best epoch 85)
[grid_g0.5_l0.1_a0.1] epoch 175  train total 0.6425  val total 1.0714  val recon 1.1220  val CE 0.9049  val acc 0.742  (best epoch 85)
[grid_g0.5_l0.1_a0.1] epoch 200  train total 0.6241  val total 0.9672  val recon 1.1220  val CE 0.7257  val acc 0.787  (best epoch 85)
[grid_g0.5_l0.1_a0.1] epoch 225  train total 0.6076  val total 0.9425  val recon 1.1227  val CE 0.6775  val acc 0.803  (best epoch 85)
[grid_g0.5_l0.1_a0.1] epoch 250  train total 0.5884  val total 0.9843  val recon 1.1052  val CE 0.7805  val acc 0.792  (best epoch 85)
[grid_g0.5_l0.1_a0.1] epoch 275  train total 0.5449  val total 0.9543  val recon 1.0931  val CE 0.7377  val acc 0.795  (best epoch 85)
[grid_g0.5_l0.1_a0.1] epoch 300  train total 0.5339  val total 0.9720  val recon 1.0874  val CE 0.7772  val acc 0.799  (best epoch 85)
=== done config 3: best epoch 85, val recon 1.1190, val 5-NN 0.7988 ===
